
> tanium-tco-modern@1.0.0 prebuild
> node scripts/bundle-mdx.js

📦 Starting MDX bundling process...

✅ Created cache directory: /home/robne/projects/active/tanium-tco/modern-tco/.mdx-cache

📚 Found 11 MDX files:

  ✓ 00-tanium-platform-foundation.mdx                  → 00-tanium-platform-foundation.mdx.json
  ✓ 01-asking-questions.mdx                            → 01-asking-questions.mdx.json
  ✓ 02-refining-questions-targeting.mdx                → 02-refining-questions-targeting.mdx.json
  ✓ 02-refining-targeting-learn-experimental.mdx       → 02-refining-targeting-learn-experimental.mdx.json
  ✓ 03-taking-action-learn-experimental.mdx            → 03-taking-action-learn-experimental.mdx.json
  ✓ 03-taking-action-packages-actions.mdx              → 03-taking-action-packages-actions.mdx.json
  ✓ 04-navigation-basic-modules-learn-experimental.mdx → 04-navigation-basic-modules-learn-experimental.mdx.json
  ✓ 04-navigation-basic-modules.mdx                    → 04-navigation-basic-modules.mdx.json
  ✓ 05-reporting-data-export.mdx                       → 05-reporting-data-export.mdx.json
  ✓ 05-reporting-export-learn-experimental.mdx         → 05-reporting-export-learn-experimental.mdx.json
  ✓ MICROLEARNING_EXAMPLE.mdx                          → MICROLEARNING_EXAMPLE.mdx.json

======================================================================
✅ Bundled 11 MDX files successfully
📁 Cache location: /home/robne/projects/active/tanium-tco/modern-tco/.mdx-cache
======================================================================

✅ Created cache index at /home/robne/projects/active/tanium-tco/modern-tco/.mdx-cache/_index.json


> tanium-tco-modern@1.0.0 build
> node scripts/generate-sitemap.js && cross-env NODE_OPTIONS=--max-old-space-size=16384 UV_THREADPOOL_SIZE=12 next build --webpack

✅ Sitemap generated successfully at /home/robne/projects/active/tanium-tco/modern-tco/public/sitemap.xml
📊 Total URLs: 40
 ⚠ You are using a non-standard "NODE_ENV" value in your environment. This creates inconsistencies in the project and is strongly advised against. Read more: https://nextjs.org/docs/messages/non-standard-node-env
   ▲ Next.js 16.0.0 (webpack)
   - Environments: .env.local, .env.production
   - Experiments (use with caution):
     ✓ optimizeCss
     · optimizePackageImports
     · staticGenerationMaxConcurrency: 1
     · staticGenerationRetryCount: 0

   Creating an optimized production build ...
 ✓ Compiled successfully in 2.0min
   Running TypeScript ...
Failed to compile.

./src/lib/encryption/encrypted-transactions.ts:73:5
Type error: Type '{ description?: string | undefined; amount?: number | undefined; }' is missing the following properties from type 'Transaction': id, accountId, date, category, and 6 more.

[0m [90m 71 |[39m
 [90m 72 |[39m   [36mif[39m (isEncryptionEnabled() [33m&&[39m (transaction[33m.[39mencryptedDescription [33m||[39m transaction[33m.[39mencryptedAmount)) {
[31m[1m>[22m[39m[90m 73 |[39m     [36mreturn[39m [36mawait[39m decryptTransaction(transaction)[33m;[39m
 [90m    |[39m     [31m[1m^[22m[39m
 [90m 74 |[39m   }
 [90m 75 |[39m
 [90m 76 |[39m   [36mreturn[39m transaction[33m;[39m[0m
Next.js build worker exited with code: 1 and signal: null
